// Vitest Snapshot v1, https://vitest.dev/guide/snapshot.html

exports[`Footer > should match snapshots 1`] = `
<div>
  <footer
    class="w-full bg-brand-100 px-6 md:px-[138px]"
  >
    <div
      class="flex flex-col justify-between gap-6 py-14 md:flex-row md:gap-10 md:py-[73px]"
    >
      <div
        class="flex flex-col gap-10"
      >
        <a
          href="/"
        >
          <img
            alt="Manual Logo"
            class="mx-auto size-12 object-contain md:size-[75px]"
            data-testid="mock-image"
          />
        </a>
      </div>
      <div
        class="grid grid-cols-2 gap-6 md:grid-cols-4"
      >
        <div
          class="flex w-full flex-col items-center gap-3 md:w-44 md:items-start md:gap-5"
        >
          <h3
            class="text-[10px] font-bold uppercase leading-6 tracking-[15%] text-brand"
          >
            Product
          </h3>
          <ul
            class="flex flex-col items-center gap-3 md:items-start md:gap-5"
          >
            <li>
              <a
                class="text-sm leading-7 md:text-base"
                href="/internal/popular"
              >
                Popular
              </a>
            </li>
            <li>
              <a
                class="text-sm leading-7 md:text-base"
                href="/internal/trending"
              >
                Trending
              </a>
            </li>
            <li>
              <a
                class="text-sm leading-7 md:text-base"
                href="/internal/guided"
              >
                Guided
              </a>
            </li>
            <li>
              <a
                class="text-sm leading-7 md:text-base"
                href="/internal/products"
              >
                Products
              </a>
            </li>
          </ul>
        </div>
        <div
          class="flex w-full flex-col items-center gap-3 md:w-44 md:items-start md:gap-5"
        >
          <h3
            class="text-[10px] font-bold uppercase leading-6 tracking-[15%] text-brand"
          >
            Company
          </h3>
          <ul
            class="flex flex-col items-center gap-3 md:items-start md:gap-5"
          >
            <li>
              <a
                class="text-sm leading-7 md:text-base"
                href="/internal/press"
              >
                Press
              </a>
            </li>
            <li>
              <a
                class="text-sm leading-7 md:text-base"
                href="/internal/mission"
              >
                Mission
              </a>
            </li>
            <li>
              <a
                class="text-sm leading-7 md:text-base"
                href="/internal/strategy"
              >
                Strategy
              </a>
            </li>
            <li>
              <a
                class="text-sm leading-7 md:text-base"
                href="/internal/about"
              >
                About
              </a>
            </li>
          </ul>
        </div>
        <div
          class="flex w-full flex-col items-center gap-3 md:w-44 md:items-start md:gap-5"
        >
          <h3
            class="text-[10px] font-bold uppercase leading-6 tracking-[15%] text-brand"
          >
            Info
          </h3>
          <ul
            class="flex flex-col items-center gap-3 md:items-start md:gap-5"
          >
            <li>
              <a
                class="text-sm leading-7 md:text-base"
                href="/internal/support"
              >
                Support
              </a>
            </li>
            <li>
              <a
                class="text-sm leading-7 md:text-base"
                href="/internal/customer-service"
              >
                Customer Service
              </a>
            </li>
            <li>
              <a
                class="text-sm leading-7 md:text-base"
                href="/internal/get-started"
              >
                Get Started
              </a>
            </li>
          </ul>
        </div>
        <div
          class="flex w-full flex-col items-center gap-3 md:w-44 md:items-start md:gap-5"
        >
          <h3
            class="text-[10px] font-bold uppercase leading-6 tracking-[15%] text-brand"
          >
            Follow Us
          </h3>
          <ul
            class="flex flex-row items-center gap-5"
          >
            <li>
              <a
                href="https://www.facebook.com/MenofManual"
              >
                <img
                  alt="Facebook"
                  class="size-4 object-contain md:size-6"
                  data-testid="mock-image"
                />
              </a>
            </li>
            <li>
              <a
                href="https://www.google.com"
              >
                <img
                  alt="Google"
                  class="size-4 object-contain md:size-6"
                  data-testid="mock-image"
                />
              </a>
            </li>
            <li>
              <a
                href="https://x.com/MenofManual"
              >
                <img
                  alt="Twitter"
                  class="size-4 object-contain md:size-6"
                  data-testid="mock-image"
                />
              </a>
            </li>
          </ul>
        </div>
      </div>
    </div>
    <div
      class="flex flex-col items-center justify-center gap-6 border-t border-brand-200 py-6 md:gap-10"
    >
      <span
        class="text-sm leading-8 text-brand-800 md:text-base"
      >
        Â© 2021 Manual. All rights reserverd
      </span>
    </div>
  </footer>
</div>
`;
